INT int
WAIN wain
LPAREN (
INT int
ID a
COMMA ,
INT int
ID b
RPAREN )
LBRACE {
IF if
LPAREN (
ID a
BECOMES =
BECOMES =
ID b
RPAREN )
LBRACE {
ID a
BECOMES =
NUM 0
SEMI ;
RBRACE }
ELSE else
LBRACE {
RBRACE }
IF if
LPAREN (
ID a
EQ ==
ID b
RPAREN )
LBRACE {
ID a
BECOMES =
NUM 1
SEMI ;
RBRACE }
ELSE else
LBRACE {
RBRACE }
RETURN return
ID a
SEMI ;
RBRACE }
