INT int
WAIN wain
LPAREN (
INT int
ID a
COMMA ,
INT int
ID b
RPAREN )
LBRACE {
INT int
ID x
BECOMES =
NUM 0
SEMI ;
INT int
ID y
BECOMES =
NUM 0
SEMI ;
IF if
LPAREN (
ID a
GE >=
ID b
RPAREN )
LBRACE {
ID x
BECOMES =
ID a
PLUS +
ID b
SEMI ;
ID y
BECOMES =
ID b
SEMI ;
RBRACE }
ELSE else
LBRACE {
ID x
BECOMES =
ID a
SEMI ;
ID y
BECOMES =
ID b
MINUS -
ID a
SEMI ;
RBRACE }
IF if
LPAREN (
ID x
EQ ==
NUM 2
RPAREN )
LBRACE {
ID x
BECOMES =
ID x
PLUS +
NUM 1
SEMI ;
RBRACE }
ELSE else
LBRACE {
RBRACE }
RETURN return
ID a
STAR *
ID b
SLASH /
ID x
MINUS -
ID y
SEMI ;
RBRACE }
